<html>
<body>
<pre>
<h1>µVision Build Log</h1>
<h2>Project:</h2>
D:\stm32f103-P\stm32f103\RES_Version\SIK_Control\USER\led.uvproj
Project File Date:  12/04/2015

<h2>Output:</h2>
Build target 'Target 1'
linking...
Program Size: Code=8832 RO-data=268 RW-data=120 ZI-data=2000  
FromELF: creating hex file...
"..\OBJ\led.axf" - 0 Error(s), 0 Warning(s).
Load "..\\OBJ\\led.axf" 
Erase Done.
Programming Done.
Verify OK.
Application running ...
</pre>
</body>
</html>
iled!
Error: Flash Download failed  -  "Cortex-M3"
on SBUS_Send_Start - give arg types
  void SBUS_Send_Start();
..\HEADWARE\sbus.h(19): warning:  #1295-D: Deprecated declaration SBUS_Send_End - give arg types
  void SBUS_Send_End();
main.c(12): warning:  #177-D: variable "Tx_Dat" was declared but never referenced
        u8 Tx_Dat[4]={0x11,0x13,0x44,0x78};
main.c: 5 warnings, 0 errors
compiling sys.c...
compiling delay.c...
compiling usart.c...
compiling led.c...
compiling sbus.c...
..\HEADWARE\Catch.h(30): warning:  #1295-D: Deprecated declaration Catch_Cal - give arg types
  void Catch_Cal();
..\HEADWARE\sbus.h(15): warning:  #1295-D: Deprecated declaration SBUS_Usart_Init - give arg types
  void SBUS_Usart_Init();
..\HEADWARE\sbus.h(18): warning:  #1295-D: Deprecated declaration SBUS_Send_Start - give arg types
  void SBUS_Send_Start();
..\HEADWARE\sbus.h(19): warning:  #1295-D: Deprecated declaration SBUS_Send_End - give arg types
  void SBUS_Send_End();
..\HEADWARE\sbus.c(277): warning:  #1-D: last line of file ends without a newline
  //---------------------------------------------------------------------
..\HEADWARE\sbus.c: 5 warnings, 0 errors
compiling Catch.c...
..\HEADWARE\Catch.h(30): warning:  #1295-D: Deprecated declaration Catch_Cal - give arg types
  void Catch_Cal();
..\HEADWARE\Catch.c: 1 warning, 0 errors
compiling can.c...
..\HEADWARE\can.c(192): warning:  #223-D: function "printf" declared implicitly
      printf("id:%d\r\n",id);
..\HEADWARE\can.c: 1 warning, 0 errors
linking...
Program Size: Code=8832 RO-data=268 RW-data=120 ZI-data=2000  
FromELF: creating hex file...
"..\OBJ\led.axf" - 0 Error(s), 12 Warning(s).
Load "..\\OBJ\\led.axf" 
Error: Flash Download failed  -  Target DLL has been cancelled
Load "..\\OBJ\\led.axf" 
Erase Failed!
Error: Flash Download failed  -  "Cortex-M3"
Load "..\\OBJ\\led.axf" 
Erase Failed!
Error: Flash Download failed  -  "Cortex-M3"
Load "..\\OBJ\\led.axf" 
Error: Flash Download failed  -  Target DLL has been cancelled
Load "..\\OBJ\\led.axf" 
Erase Failed!
Error: Flash Download failed  -  "Cortex-M3"
Load "..\\OBJ\\led.axf" 
Erase Failed!
Error: Flash Download failed  -  "Cortex-M3"
Load "..\\OBJ\\led.axf" 
Erase Failed!
Error: Flash Download failed  -  "Cortex-M3"
Load "..\\OBJ\\led.axf" 
Erase Failed!
Error: Flash Download failed  -  "Cortex-M3"
