<html>
<body>
<pre>
<h1>µVision Build Log</h1>
<h2>Project:</h2>
F:\stm32_P_¼Ä´æÆ÷\led\USER\led.uvproj
Project File Date:  11/16/2014

<h2>Output:</h2>
Build target 'Target 1'
compiling LED.c...
LED.c(8): warning:  #1-D: last line of file ends without a newline
  }
LED.c: 1 warning, 0 errors
compiling sys.c...
compiling delay.c...
compiling usart.c...
linking...
Program Size: Code=2772 RO-data=268 RW-data=8 ZI-data=1832  
FromELF: creating hex file...
"..\OBJ\led.axf" - 0 Error(s), 1 Warning(s).
ctory
  #include "sys.h"  
..\SYSTEM\delay\delay.c: 0 warnings, 1 error
compiling usart.c...
..\SYSTEM\usart\usart.h(3): error:  #5: cannot open source input file "sys.h": No such file or directory
  #include "sys.h"
..\SYSTEM\usart\usart.c: 0 warnings, 1 error
"..\OBJ\led.axf" - 3 Error(s), 0 Warning(s).
Target not created
