Product: MDK-ARM Professional 5.10
Component: ARM Compiler 5.04 update 1 (build 49)
Tool: armlink [5040049]

==============================================================================

Section Cross References

    startup_stm32f10x_md.o(STACK) refers (Special) to heapauxi.o(.text) for __use_two_region_memory
    startup_stm32f10x_md.o(HEAP) refers (Special) to heapauxi.o(.text) for __use_two_region_memory
    startup_stm32f10x_md.o(RESET) refers (Special) to heapauxi.o(.text) for __use_two_region_memory
    startup_stm32f10x_md.o(RESET) refers to startup_stm32f10x_md.o(STACK) for __initial_sp
    startup_stm32f10x_md.o(RESET) refers to startup_stm32f10x_md.o(.text) for Reset_Handler
    startup_stm32f10x_md.o(RESET) refers to can.o(.text) for USB_LP_CAN1_RX0_IRQHandler
    startup_stm32f10x_md.o(RESET) refers to sbus.o(.text) for TIM2_IRQHandler
    startup_stm32f10x_md.o(RESET) refers to catch.o(.text) for TIM3_IRQHandler
    startup_stm32f10x_md.o(RESET) refers to usart.o(.text) for USART2_IRQHandler
    startup_stm32f10x_md.o(.text) refers (Special) to heapauxi.o(.text) for __use_two_region_memory
    startup_stm32f10x_md.o(.text) refers to __main.o(!!!main) for __main
    startup_stm32f10x_md.o(.text) refers to startup_stm32f10x_md.o(HEAP) for Heap_Mem
    startup_stm32f10x_md.o(.text) refers to startup_stm32f10x_md.o(STACK) for Stack_Mem
    main.o(.text) refers to _printf_percent.o(.ARM.Collect$$_printf_percent$$00000000) for _printf_percent
    main.o(.text) refers to _printf_d.o(.ARM.Collect$$_printf_percent$$00000009) for _printf_d
    main.o(.text) refers to _printf_dec.o(.text) for _printf_int_dec
    main.o(.text) refers to sys.o(.text) for Stm32_Clock_Init
    main.o(.text) refers to delay.o(.text) for delay_init
    main.o(.text) refers to led.o(.text) for Led_Init
    main.o(.text) refers to sbus.o(.text) for SBUS_Usart_Init
    main.o(.text) refers to usart.o(.text) for uart_init
    main.o(.text) refers to catch.o(.text) for Catch_Init
    main.o(.text) refers to can.o(.text) for CAN1_Init
    main.o(.text) refers to noretval__2printf.o(.text) for __2printf
    main.o(.text) refers to catch.o(.bss) for CH
    sys.o(.text) refers to sys.o(.emb_text) for WFI_SET
    delay.o(.text) refers to delay.o(.data) for fac_us
    usart.o(.rev16_text) refers (Special) to use_no_semi_2.o(.text) for __use_no_semihosting
    usart.o(.revsh_text) refers (Special) to use_no_semi_2.o(.text) for __use_no_semihosting
    usart.o(.text) refers (Special) to use_no_semi_2.o(.text) for __use_no_semihosting
    usart.o(.text) refers to fflt_clz.o(x$fpl$ffltu) for __aeabi_ui2f
    usart.o(.text) refers to fdiv.o(x$fpl$fdiv) for __aeabi_fdiv
    usart.o(.text) refers to ffixu.o(x$fpl$ffixu) for __aeabi_f2uiz
    usart.o(.text) refers to faddsub_clz.o(x$fpl$frsb) for __aeabi_frsub
    usart.o(.text) refers to fmul.o(x$fpl$fmul) for __aeabi_fmul
    usart.o(.text) refers to sys.o(.text) for MY_NVIC_Init
    usart.o(.text) refers to usart.o(.data) for USART_RX_STA
    usart.o(.text) refers to usart.o(.bss) for USART_RX_BUF
    usart.o(.bss) refers (Special) to use_no_semi_2.o(.text) for __use_no_semihosting
    usart.o(.data) refers (Special) to use_no_semi_2.o(.text) for __use_no_semihosting
    sbus.o(.text) refers to ffixu.o(x$fpl$ffixu) for __aeabi_f2uiz
    sbus.o(.text) refers to fflt_clz.o(x$fpl$ffltu) for __aeabi_ui2f
    sbus.o(.text) refers to faddsub_clz.o(x$fpl$frsb) for __aeabi_frsub
    sbus.o(.text) refers to fmul.o(x$fpl$fmul) for __aeabi_fmul
    sbus.o(.text) refers to sys.o(.text) for MY_NVIC_Init
    sbus.o(.text) refers to catch.o(.text) for Catch_Cal
    sbus.o(.text) refers to sbus.o(.bss) for SBUS_Data
    sbus.o(.text) refers to sbus.o(.data) for flagbit
    catch.o(.text) refers to sys.o(.text) for MY_NVIC_Init
    catch.o(.text) refers to catch.o(.data) for TIM3CH4_CAPTURE_STA
    catch.o(.text) refers to catch.o(.bss) for CH_L
    can.o(.text) refers to _printf_percent.o(.ARM.Collect$$_printf_percent$$00000000) for _printf_percent
    can.o(.text) refers to _printf_d.o(.ARM.Collect$$_printf_percent$$00000009) for _printf_d
    can.o(.text) refers to _printf_dec.o(.text) for _printf_int_dec
    can.o(.text) refers to sys.o(.text) for MY_NVIC_Init
    can.o(.text) refers to noretval__2printf.o(.text) for __2printf
    use_no_semi_2.o(.text) refers (Special) to use_no_semi.o(.text) for __use_no_semihosting_swi
    __2printf.o(.text) refers to _printf_char_file.o(.text) for _printf_char_file
    __2printf.o(.text) refers to usart.o(.data) for __stdout
    noretval__2printf.o(.text) refers to _printf_char_file.o(.text) for _printf_char_file
    noretval__2printf.o(.text) refers to usart.o(.data) for __stdout
    __printf.o(.text) refers to _printf_percent.o(.ARM.Collect$$_printf_percent$$00000000) for _printf_percent
    _printf_dec.o(.text) refers to _printf_intcommon.o(.text) for _printf_int_common
    __printf_flags.o(.text) refers to _printf_percent.o(.ARM.Collect$$_printf_percent$$00000000) for _printf_percent
    __printf_flags.o(.text) refers to __printf_flags.o(.constdata) for .constdata
    __printf_ss.o(.text) refers to _printf_percent.o(.ARM.Collect$$_printf_percent$$00000000) for _printf_percent
    __printf_flags_ss.o(.text) refers to _printf_percent.o(.ARM.Collect$$_printf_percent$$00000000) for _printf_percent
    __printf_flags_ss.o(.text) refers to __printf_flags_ss.o(.constdata) for .constdata
    __printf_wp.o(.text) refers to __printf_wp.o(i._is_digit) for _is_digit
    __printf_wp.o(.text) refers to _printf_percent.o(.ARM.Collect$$_printf_percent$$00000000) for _printf_percent
    __printf_flags_wp.o(.text) refers to __printf_wp.o(i._is_digit) for _is_digit
    __printf_flags_wp.o(.text) refers to _printf_percent.o(.ARM.Collect$$_printf_percent$$00000000) for _printf_percent
    __printf_flags_wp.o(.text) refers to __printf_flags_wp.o(.constdata) for .constdata
    __printf_ss_wp.o(.text) refers to __printf_wp.o(i._is_digit) for _is_digit
    __printf_ss_wp.o(.text) refers to _printf_percent.o(.ARM.Collect$$_printf_percent$$00000000) for _printf_percent
    __printf_flags_ss_wp.o(.text) refers to __printf_wp.o(i._is_digit) for _is_digit
    __printf_flags_ss_wp.o(.text) refers to _printf_percent.o(.ARM.Collect$$_printf_percent$$00000000) for _printf_percent
    __printf_flags_ss_wp.o(.text) refers to __printf_flags_ss_wp.o(.constdata) for .constdata
    _printf_d.o(.ARM.Collect$$_printf_percent$$00000009) refers (Weak) to _printf_dec.o(.text) for _printf_int_dec
    _printf_percent.o(.ARM.Collect$$_printf_percent$$00000000) refers (Special) to _printf_percent_end.o(.ARM.Collect$$_printf_percent$$00000017) for _printf_percent_end
    __main.o(!!!main) refers to rtentry.o(.ARM.Collect$$rtentry$$00000000) for __rt_entry
    faddsub_clz.o(x$fpl$fadd) refers (Special) to usenofp.o(x$fpl$usenofp) for __I$use$fp
    faddsub_clz.o(x$fpl$fadd) refers to faddsub_clz.o(x$fpl$fsub) for _fsub1
    faddsub_clz.o(x$fpl$fadd) refers to fretinf.o(x$fpl$fretinf) for __fpl_fretinf
    faddsub_clz.o(x$fpl$fadd) refers to fnaninf.o(x$fpl$fnaninf) for __fpl_fnaninf
    faddsub_clz.o(x$fpl$frsb) refers (Special) to usenofp.o(x$fpl$usenofp) for __I$use$fp
    faddsub_clz.o(x$fpl$frsb) refers to faddsub_clz.o(x$fpl$fadd) for _fadd1
    faddsub_clz.o(x$fpl$frsb) refers to faddsub_clz.o(x$fpl$fsub) for _fsub1
    faddsub_clz.o(x$fpl$fsub) refers (Special) to usenofp.o(x$fpl$usenofp) for __I$use$fp
    faddsub_clz.o(x$fpl$fsub) refers to faddsub_clz.o(x$fpl$fadd) for _fadd1
    faddsub_clz.o(x$fpl$fsub) refers to fnaninf.o(x$fpl$fnaninf) for __fpl_fnaninf
    fdiv.o(x$fpl$frdiv) refers (Special) to usenofp.o(x$fpl$usenofp) for __I$use$fp
    fdiv.o(x$fpl$frdiv) refers to fdiv.o(x$fpl$fdiv) for _fdiv1
    fdiv.o(x$fpl$fdiv) refers (Special) to usenofp.o(x$fpl$usenofp) for __I$use$fp
    fdiv.o(x$fpl$fdiv) refers to fretinf.o(x$fpl$fretinf) for __fpl_fretinf
    fdiv.o(x$fpl$fdiv) refers to fnaninf.o(x$fpl$fnaninf) for __fpl_fnaninf
    ffixu.o(x$fpl$ffixu) refers (Special) to usenofp.o(x$fpl$usenofp) for __I$use$fp
    ffixu.o(x$fpl$ffixu) refers to fnaninf.o(x$fpl$fnaninf) for __fpl_fnaninf
    ffixu.o(x$fpl$ffixur) refers (Special) to usenofp.o(x$fpl$usenofp) for __I$use$fp
    ffixu.o(x$fpl$ffixur) refers to fnaninf.o(x$fpl$fnaninf) for __fpl_fnaninf
    fflt_clz.o(x$fpl$ffltu) refers (Special) to usenofp.o(x$fpl$usenofp) for __I$use$fp
    fflt_clz.o(x$fpl$fflt) refers (Special) to usenofp.o(x$fpl$usenofp) for __I$use$fp
    fflt_clz.o(x$fpl$ffltn) refers (Special) to usenofp.o(x$fpl$usenofp) for __I$use$fp
    fmul.o(x$fpl$fmul) refers (Special) to usenofp.o(x$fpl$usenofp) for __I$use$fp
    fmul.o(x$fpl$fmul) refers to fretinf.o(x$fpl$fretinf) for __fpl_fretinf
    fmul.o(x$fpl$fmul) refers to fnaninf.o(x$fpl$fnaninf) for __fpl_fnaninf
    rtentry.o(.ARM.Collect$$rtentry$$00000000) refers (Special) to rtentry2.o(.ARM.Collect$$rtentry$$0000000A) for __rt_entry_li
    rtentry.o(.ARM.Collect$$rtentry$$00000000) refers (Special) to rtentry2.o(.ARM.Collect$$rtentry$$0000000D) for __rt_entry_main
    rtentry.o(.ARM.Collect$$rtentry$$00000000) refers (Special) to rtentry2.o(.ARM.Collect$$rtentry$$0000000C) for __rt_entry_postli_1
    rtentry.o(.ARM.Collect$$rtentry$$00000000) refers (Special) to rtentry2.o(.ARM.Collect$$rtentry$$00000009) for __rt_entry_postsh_1
    rtentry.o(.ARM.Collect$$rtentry$$00000000) refers (Special) to rtentry2.o(.ARM.Collect$$rtentry$$00000002) for __rt_entry_presh_1
    rtentry.o(.ARM.Collect$$rtentry$$00000000) refers (Special) to rtentry4.o(.ARM.Collect$$rtentry$$00000004) for __rt_entry_sh
    _printf_char_file.o(.text) refers to _printf_char_common.o(.text) for _printf_char_common
    _printf_char_file.o(.text) refers to ferror.o(.text) for ferror
    _printf_char_file.o(.text) refers to usart.o(.text) for fputc
    fnaninf.o(x$fpl$fnaninf) refers (Special) to usenofp.o(x$fpl$usenofp) for __I$use$fp
    fretinf.o(x$fpl$fretinf) refers (Special) to usenofp.o(x$fpl$usenofp) for __I$use$fp
    rtentry2.o(.ARM.Collect$$rtentry$$00000008) refers to boardinit2.o(.text) for _platform_post_stackheap_init
    rtentry2.o(.ARM.Collect$$rtentry$$0000000A) refers to libinit.o(.ARM.Collect$$libinit$$00000000) for __rt_lib_init
    rtentry2.o(.ARM.Collect$$rtentry$$0000000B) refers to boardinit3.o(.text) for _platform_post_lib_init
    rtentry2.o(.ARM.Collect$$rtentry$$0000000D) refers to main.o(.text) for main
    rtentry2.o(.ARM.Collect$$rtentry$$0000000D) refers to exit.o(.text) for exit
    rtentry2.o(.ARM.exidx) refers to rtentry2.o(.ARM.Collect$$rtentry$$00000001) for .ARM.Collect$$rtentry$$00000001
    rtentry2.o(.ARM.exidx) refers to rtentry2.o(.ARM.Collect$$rtentry$$00000008) for .ARM.Collect$$rtentry$$00000008
    rtentry2.o(.ARM.exidx) refers to rtentry2.o(.ARM.Collect$$rtentry$$0000000A) for .ARM.Collect$$rtentry$$0000000A
    rtentry2.o(.ARM.exidx) refers to rtentry2.o(.ARM.Collect$$rtentry$$0000000B) for .ARM.Collect$$rtentry$$0000000B
    rtentry2.o(.ARM.exidx) refers to rtentry2.o(.ARM.Collect$$rtentry$$0000000D) for .ARM.Collect$$rtentry$$0000000D
    rtentry4.o(.ARM.Collect$$rtentry$$00000004) refers to sys_stackheap_outer.o(.text) for __user_setup_stackheap
    rtentry4.o(.ARM.exidx) refers to rtentry4.o(.ARM.Collect$$rtentry$$00000004) for .ARM.Collect$$rtentry$$00000004
    _printf_char_common.o(.text) refers to __printf.o(.text) for __printf
    sys_stackheap_outer.o(.text) refers to libspace.o(.text) for __user_perproc_libspace
    sys_stackheap_outer.o(.text) refers to startup_stm32f10x_md.o(.text) for __user_initial_stackheap
    exit.o(.text) refers to rtexit.o(.ARM.Collect$$rtexit$$00000000) for __rt_exit
    libinit.o(.ARM.Collect$$libinit$$00000000) refers (Special) to libinit2.o(.ARM.Collect$$libinit$$0000002C) for __rt_lib_init_alloca_1
    libinit.o(.ARM.Collect$$libinit$$00000000) refers (Special) to libinit2.o(.ARM.Collect$$libinit$$0000002A) for __rt_lib_init_argv_1
    libinit.o(.ARM.Collect$$libinit$$00000000) refers (Special) to libinit2.o(.ARM.Collect$$libinit$$00000019) for __rt_lib_init_atexit_1
    libinit.o(.ARM.Collect$$libinit$$00000000) refers (Special) to libinit2.o(.ARM.Collect$$libinit$$0000001F) for __rt_lib_init_clock_1
    libinit.o(.ARM.Collect$$libinit$$00000000) refers (Special) to libinit2.o(.ARM.Collect$$libinit$$00000030) for __rt_lib_init_cpp_1
    libinit.o(.ARM.Collect$$libinit$$00000000) refers (Special) to libinit2.o(.ARM.Collect$$libinit$$0000002E) for __rt_lib_init_exceptions_1
    libinit.o(.ARM.Collect$$libinit$$00000000) refers (Special) to libinit2.o(.ARM.Collect$$libinit$$00000002) for __rt_lib_init_fp_1
    libinit.o(.ARM.Collect$$libinit$$00000000) refers (Special) to libinit2.o(.ARM.Collect$$libinit$$0000001D) for __rt_lib_init_fp_trap_1
    libinit.o(.ARM.Collect$$libinit$$00000000) refers (Special) to libinit2.o(.ARM.Collect$$libinit$$00000021) for __rt_lib_init_getenv_1
    libinit.o(.ARM.Collect$$libinit$$00000000) refers (Special) to libinit2.o(.ARM.Collect$$libinit$$00000008) for __rt_lib_init_heap_1
    libinit.o(.ARM.Collect$$libinit$$00000000) refers (Special) to libinit2.o(.ARM.Collect$$libinit$$0000000F) for __rt_lib_init_lc_collate_1
    libinit.o(.ARM.Collect$$libinit$$00000000) refers (Special) to libinit2.o(.ARM.Collect$$libinit$$00000011) for __rt_lib_init_lc_ctype_1
    libinit.o(.ARM.Collect$$libinit$$00000000) refers (Special) to libinit2.o(.ARM.Collect$$libinit$$00000013) for __rt_lib_init_lc_monetary_1
    libinit.o(.ARM.Collect$$libinit$$00000000) refers (Special) to libinit2.o(.ARM.Collect$$libinit$$00000015) for __rt_lib_init_lc_numeric_1
    libinit.o(.ARM.Collect$$libinit$$00000000) refers (Special) to libinit2.o(.ARM.Collect$$libinit$$00000017) for __rt_lib_init_lc_time_1
    libinit.o(.ARM.Collect$$libinit$$00000000) refers (Special) to libinit2.o(.ARM.Collect$$libinit$$0000000C) for __rt_lib_init_rand_1
    libinit.o(.ARM.Collect$$libinit$$00000000) refers (Special) to libinit2.o(.ARM.Collect$$libinit$$00000031) for __rt_lib_init_return
    libinit.o(.ARM.Collect$$libinit$$00000000) refers (Special) to libinit2.o(.ARM.Collect$$libinit$$0000001B) for __rt_lib_init_signal_1
    libinit.o(.ARM.Collect$$libinit$$00000000) refers (Special) to libinit2.o(.ARM.Collect$$libinit$$00000023) for __rt_lib_init_stdio_1
    libinit.o(.ARM.Collect$$libinit$$00000000) refers (Special) to libinit2.o(.ARM.Collect$$libinit$$0000000A) for __rt_lib_init_user_alloc_1
    libspace.o(.text) refers to libspace.o(.bss) for __libspace_start
    rtexit.o(.ARM.Collect$$rtexit$$00000000) refers (Special) to rtexit2.o(.ARM.Collect$$rtexit$$00000004) for __rt_exit_exit
    rtexit.o(.ARM.Collect$$rtexit$$00000000) refers (Special) to rtexit2.o(.ARM.Collect$$rtexit$$00000003) for __rt_exit_ls
    rtexit.o(.ARM.Collect$$rtexit$$00000000) refers (Special) to rtexit2.o(.ARM.Collect$$rtexit$$00000002) for __rt_exit_prels_1
    rtexit.o(.ARM.exidx) refers (Special) to rtexit2.o(.ARM.Collect$$rtexit$$00000004) for __rt_exit_exit
    rtexit.o(.ARM.exidx) refers (Special) to rtexit2.o(.ARM.Collect$$rtexit$$00000003) for __rt_exit_ls
    rtexit.o(.ARM.exidx) refers (Special) to rtexit2.o(.ARM.Collect$$rtexit$$00000002) for __rt_exit_prels_1
    rtexit.o(.ARM.exidx) refers to rtexit.o(.ARM.Collect$$rtexit$$00000000) for .ARM.Collect$$rtexit$$00000000
    libinit2.o(.ARM.Collect$$libinit$$0000000E) refers to libinit2.o(.ARM.Collect$$libinit$$0000000D) for .ARM.Collect$$libinit$$0000000D
    libinit2.o(.ARM.Collect$$libinit$$00000010) refers to libinit2.o(.ARM.Collect$$libinit$$0000000D) for .ARM.Collect$$libinit$$0000000D
    libinit2.o(.ARM.Collect$$libinit$$00000012) refers to libinit2.o(.ARM.Collect$$libinit$$0000000D) for .ARM.Collect$$libinit$$0000000D
    libinit2.o(.ARM.Collect$$libinit$$00000014) refers to libinit2.o(.ARM.Collect$$libinit$$0000000D) for .ARM.Collect$$libinit$$0000000D
    libinit2.o(.ARM.Collect$$libinit$$00000016) refers to libinit2.o(.ARM.Collect$$libinit$$0000000D) for .ARM.Collect$$libinit$$0000000D
    libinit2.o(.ARM.Collect$$libinit$$00000024) refers to argv_veneer.o(.emb_text) for __ARM_argv_veneer
    libinit2.o(.ARM.Collect$$libinit$$00000025) refers to argv_veneer.o(.emb_text) for __ARM_argv_veneer
    rtexit2.o(.ARM.Collect$$rtexit$$00000003) refers to libshutdown.o(.ARM.Collect$$libshutdown$$00000000) for __rt_lib_shutdown
    rtexit2.o(.ARM.Collect$$rtexit$$00000004) refers to usart.o(.text) for _sys_exit
    rtexit2.o(.ARM.exidx) refers to rtexit2.o(.ARM.Collect$$rtexit$$00000001) for .ARM.Collect$$rtexit$$00000001
    rtexit2.o(.ARM.exidx) refers to rtexit2.o(.ARM.Collect$$rtexit$$00000003) for .ARM.Collect$$rtexit$$00000003
    rtexit2.o(.ARM.exidx) refers to rtexit2.o(.ARM.Collect$$rtexit$$00000004) for .ARM.Collect$$rtexit$$00000004
    argv_veneer.o(.emb_text) refers to no_argv.o(.text) for __ARM_get_argv
    _get_argv_nomalloc.o(.text) refers (Special) to hrguard.o(.text) for __heap_region$guard
    _get_argv_nomalloc.o(.text) refers to defsig_rtmem_outer.o(.text) for __rt_SIGRTMEM
    _get_argv_nomalloc.o(.text) refers to sys_command.o(.text) for _sys_command_string
    libshutdown.o(.ARM.Collect$$libshutdown$$00000000) refers (Special) to libshutdown2.o(.ARM.Collect$$libshutdown$$00000006) for __rt_lib_shutdown_fp_trap_1
    libshutdown.o(.ARM.Collect$$libshutdown$$00000000) refers (Special) to libshutdown2.o(.ARM.Collect$$libshutdown$$0000000E) for __rt_lib_shutdown_heap_1
    libshutdown.o(.ARM.Collect$$libshutdown$$00000000) refers (Special) to libshutdown2.o(.ARM.Collect$$libshutdown$$0000000F) for __rt_lib_shutdown_return
    libshutdown.o(.ARM.Collect$$libshutdown$$00000000) refers (Special) to libshutdown2.o(.ARM.Collect$$libshutdown$$00000009) for __rt_lib_shutdown_signal_1
    libshutdown.o(.ARM.Collect$$libshutdown$$00000000) refers (Special) to libshutdown2.o(.ARM.Collect$$libshutdown$$00000003) for __rt_lib_shutdown_stdio_1
    libshutdown.o(.ARM.Collect$$libshutdown$$00000000) refers (Special) to libshutdown2.o(.ARM.Collect$$libshutdown$$0000000B) for __rt_lib_shutdown_user_alloc_1
    sys_command.o(.text) refers (Special) to use_no_semi.o(.text) for __I$use$semihosting
    sys_command.o(.text) refers (Special) to indicate_semi.o(.text) for __semihosting_library_function
    defsig_rtmem_outer.o(.text) refers to defsig_rtmem_inner.o(.text) for __rt_SIGRTMEM_inner
    defsig_rtmem_outer.o(.text) refers to defsig_exit.o(.text) for __sig_exit
    defsig_rtmem_formal.o(.text) refers to rt_raise.o(.text) for __rt_raise
    rt_raise.o(.text) refers to __raise.o(.text) for __raise
    rt_raise.o(.text) refers to usart.o(.text) for _sys_exit
    defsig_exit.o(.text) refers to usart.o(.text) for _sys_exit
    defsig_rtmem_inner.o(.text) refers to defsig_general.o(.text) for __default_signal_display
    __raise.o(.text) refers to defsig.o(CL$$defsig) for __default_signal_handler
    defsig_general.o(.text) refers to sys_wrch.o(.text) for _ttywrch
    sys_wrch.o(.text) refers (Special) to use_no_semi.o(.text) for __I$use$semihosting
    sys_wrch.o(.text) refers (Special) to indicate_semi.o(.text) for __semihosting_library_function
    defsig.o(CL$$defsig) refers to defsig_rtmem_inner.o(.text) for __rt_SIGRTMEM_inner
    defsig_abrt_inner.o(.text) refers to defsig_general.o(.text) for __default_signal_display
    defsig_fpe_inner.o(.text) refers to defsig_general.o(.text) for __default_signal_display
    defsig_rtred_inner.o(.text) refers to defsig_general.o(.text) for __default_signal_display
    defsig_stak_inner.o(.text) refers to defsig_general.o(.text) for __default_signal_display
    defsig_pvfn_inner.o(.text) refers to defsig_general.o(.text) for __default_signal_display
    defsig_cppl_inner.o(.text) refers to defsig_general.o(.text) for __default_signal_display
    defsig_segv_inner.o(.text) refers to defsig_general.o(.text) for __default_signal_display
    defsig_other.o(.text) refers to defsig_general.o(.text) for __default_signal_display


==============================================================================

Removing Unused input sections from the image.

    Removing main.o(.rev16_text), (4 bytes).
    Removing main.o(.revsh_text), (4 bytes).
    Removing sys.o(.rev16_text), (4 bytes).
    Removing sys.o(.revsh_text), (4 bytes).
    Removing delay.o(.rev16_text), (4 bytes).
    Removing delay.o(.revsh_text), (4 bytes).
    Removing usart.o(.rev16_text), (4 bytes).
    Removing usart.o(.revsh_text), (4 bytes).
    Removing led.o(.rev16_text), (4 bytes).
    Removing led.o(.revsh_text), (4 bytes).
    Removing sbus.o(.rev16_text), (4 bytes).
    Removing sbus.o(.revsh_text), (4 bytes).
    Removing catch.o(.rev16_text), (4 bytes).
    Removing catch.o(.revsh_text), (4 bytes).
    Removing can.o(.rev16_text), (4 bytes).
    Removing can.o(.revsh_text), (4 bytes).

16 unused section(s) (total 64 bytes) removed from the image.

==============================================================================

Image Symbol Table

    Local Symbols

    Symbol Name                              Value     Ov Type        Size  Object(Section)

    ../clib/angel/boardlib.s                 0x00000000   Number         0  boardshut.o ABSOLUTE
    ../clib/angel/boardlib.s                 0x00000000   Number         0  boardinit3.o ABSOLUTE
    ../clib/angel/boardlib.s                 0x00000000   Number         0  boardinit2.o ABSOLUTE
    ../clib/angel/boardlib.s                 0x00000000   Number         0  boardinit1.o ABSOLUTE
    ../clib/angel/handlers.s                 0x00000000   Number         0  __scatter_zi.o ABSOLUTE
    ../clib/angel/handlers.s                 0x00000000   Number         0  __scatter_copy.o ABSOLUTE
    ../clib/angel/kernel.s                   0x00000000   Number         0  rtentry4.o ABSOLUTE
    ../clib/angel/kernel.s                   0x00000000   Number         0  rtentry2.o ABSOLUTE
    ../clib/angel/kernel.s                   0x00000000   Number         0  rtexit.o ABSOLUTE
    ../clib/angel/kernel.s                   0x00000000   Number         0  rtexit2.o ABSOLUTE
    ../clib/angel/kernel.s                   0x00000000   Number         0  rtentry.o ABSOLUTE
    ../clib/angel/rt.s                       0x00000000   Number         0  rt_raise.o ABSOLUTE
    ../clib/angel/scatter.s                  0x00000000   Number         0  __scatter.o ABSOLUTE
    ../clib/angel/startup.s                  0x00000000   Number         0  __main.o ABSOLUTE
    ../clib/angel/sys.s                      0x00000000   Number         0  libspace.o ABSOLUTE
    ../clib/angel/sys.s                      0x00000000   Number         0  use_no_semi_2.o ABSOLUTE
    ../clib/angel/sys.s                      0x00000000   Number         0  indicate_semi.o ABSOLUTE
    ../clib/angel/sys.s                      0x00000000   Number         0  use_no_semi.o ABSOLUTE
    ../clib/angel/sys.s                      0x00000000   Number         0  sys_stackheap_outer.o ABSOLUTE
    ../clib/angel/sysapp.c                   0x00000000   Number         0  sys_wrch.o ABSOLUTE
    ../clib/angel/sysapp.c                   0x00000000   Number         0  sys_command.o ABSOLUTE
    ../clib/armsys.c                         0x00000000   Number         0  no_argv.o ABSOLUTE
    ../clib/armsys.c                         0x00000000   Number         0  _get_argv_nomalloc.o ABSOLUTE
    ../clib/armsys.c                         0x00000000   Number         0  argv_veneer.o ABSOLUTE
    ../clib/armsys.c                         0x00000000   Number         0  argv_veneer.o ABSOLUTE
    ../clib/heapalloc.c                      0x00000000   Number         0  hrguard.o ABSOLUTE
    ../clib/heapaux.c                        0x00000000   Number         0  heapauxi.o ABSOLUTE
    ../clib/libinit.s                        0x00000000   Number         0  libinit.o ABSOLUTE
    ../clib/libinit.s                        0x00000000   Number         0  libinit2.o ABSOLUTE
    ../clib/libinit.s                        0x00000000   Number         0  libshutdown2.o ABSOLUTE
    ../clib/libinit.s                        0x00000000   Number         0  libshutdown.o ABSOLUTE
    ../clib/printf.c                         0x00000000   Number         0  __printf_ss.o ABSOLUTE
    ../clib/printf.c                         0x00000000   Number         0  __printf_flags.o ABSOLUTE
    ../clib/printf.c                         0x00000000   Number         0  __printf_nopercent.o ABSOLUTE
    ../clib/printf.c                         0x00000000   Number         0  _printf_dec.o ABSOLUTE
    ../clib/printf.c                         0x00000000   Number         0  noretval__2printf.o ABSOLUTE
    ../clib/printf.c                         0x00000000   Number         0  __2printf.o ABSOLUTE
    ../clib/printf.c                         0x00000000   Number         0  __printf.o ABSOLUTE
    ../clib/printf.c                         0x00000000   Number         0  __printf_ss_wp.o ABSOLUTE
    ../clib/printf.c                         0x00000000   Number         0  __printf_flags_ss_wp.o ABSOLUTE
    ../clib/printf.c                         0x00000000   Number         0  __printf_flags_wp.o ABSOLUTE
    ../clib/printf.c                         0x00000000   Number         0  __printf_wp.o ABSOLUTE
    ../clib/printf.c                         0x00000000   Number         0  __printf_flags_ss.o ABSOLUTE
    ../clib/printf.c                         0x00000000   Number         0  _printf_intcommon.o ABSOLUTE
    ../clib/printf.c                         0x00000000   Number         0  _printf_char_file.o ABSOLUTE
    ../clib/printf.c                         0x00000000   Number         0  _printf_char_common.o ABSOLUTE
    ../clib/printf_percent.s                 0x00000000   Number         0  _printf_d.o ABSOLUTE
    ../clib/printf_percent.s                 0x00000000   Number         0  _printf_percent.o ABSOLUTE
    ../clib/printf_percent.s                 0x00000000   Number         0  _printf_percent_end.o ABSOLUTE
    ../clib/signal.c                         0x00000000   Number         0  defsig_stak_inner.o ABSOLUTE
    ../clib/signal.c                         0x00000000   Number         0  defsig_pvfn_inner.o ABSOLUTE
    ../clib/signal.c                         0x00000000   Number         0  defsig_cppl_inner.o ABSOLUTE
    ../clib/signal.c                         0x00000000   Number         0  defsig_segv_inner.o ABSOLUTE
    ../clib/signal.c                         0x00000000   Number         0  defsig_other.o ABSOLUTE
    ../clib/signal.c                         0x00000000   Number         0  __raise.o ABSOLUTE
    ../clib/signal.c                         0x00000000   Number         0  defsig_general.o ABSOLUTE
    ../clib/signal.c                         0x00000000   Number         0  defsig_abrt_inner.o ABSOLUTE
    ../clib/signal.c                         0x00000000   Number         0  defsig_exit.o ABSOLUTE
    ../clib/signal.c                         0x00000000   Number         0  defsig_rtmem_formal.o ABSOLUTE
    ../clib/signal.c                         0x00000000   Number         0  defsig_fpe_inner.o ABSOLUTE
    ../clib/signal.c                         0x00000000   Number         0  defsig_rtred_inner.o ABSOLUTE
    ../clib/signal.c                         0x00000000   Number         0  defsig_rtmem_outer.o ABSOLUTE
    ../clib/signal.c                         0x00000000   Number         0  defsig_rtmem_inner.o ABSOLUTE
    ../clib/signal.s                         0x00000000   Number         0  defsig.o ABSOLUTE
    ../clib/stdio.c                          0x00000000   Number         0  ferror_locked.o ABSOLUTE
    ../clib/stdio.c                          0x00000000   Number         0  ferror.o ABSOLUTE
    ../clib/stdlib.c                         0x00000000   Number         0  exit.o ABSOLUTE
    ../fplib/faddsub.s                       0x00000000   Number         0  faddsub_clz.o ABSOLUTE
    ../fplib/fdiv.s                          0x00000000   Number         0  fdiv.o ABSOLUTE
    ../fplib/ffixu.s                         0x00000000   Number         0  ffixu.o ABSOLUTE
    ../fplib/fflt.s                          0x00000000   Number         0  fflt_clz.o ABSOLUTE
    ../fplib/fmul.s                          0x00000000   Number         0  fmul.o ABSOLUTE
    ../fplib/fnaninf.s                       0x00000000   Number         0  fnaninf.o ABSOLUTE
    ../fplib/fpinit.s                        0x00000000   Number         0  fpinit.o ABSOLUTE
    ../fplib/fretinf.s                       0x00000000   Number         0  fretinf.o ABSOLUTE
    ../fplib/usenofp.s                       0x00000000   Number         0  usenofp.o ABSOLUTE
    ..\HEADWARE\Catch.c                      0x00000000   Number         0  catch.o ABSOLUTE
    ..\HEADWARE\can.c                        0x00000000   Number         0  can.o ABSOLUTE
    ..\HEADWARE\led.c                        0x00000000   Number         0  led.o ABSOLUTE
    ..\HEADWARE\sbus.c                       0x00000000   Number         0  sbus.o ABSOLUTE
    ..\SYSTEM\delay\delay.c                  0x00000000   Number         0  delay.o ABSOLUTE
    ..\SYSTEM\sys\sys.c                      0x00000000   Number         0  sys.o ABSOLUTE
    ..\SYSTEM\usart\usart.c                  0x00000000   Number         0  usart.o ABSOLUTE
    ..\\HEADWARE\\Catch.c                    0x00000000   Number         0  catch.o ABSOLUTE
    ..\\HEADWARE\\can.c                      0x00000000   Number         0  can.o ABSOLUTE
    ..\\HEADWARE\\led.c                      0x00000000   Number         0  led.o ABSOLUTE
    ..\\HEADWARE\\sbus.c                     0x00000000   Number         0  sbus.o ABSOLUTE
    ..\\SYSTEM\\delay\\delay.c               0x00000000   Number         0  delay.o ABSOLUTE
    ..\\SYSTEM\\sys\\sys.c                   0x00000000   Number         0  sys.o ABSOLUTE
    ..\\SYSTEM\\usart\\usart.c               0x00000000   Number         0  usart.o ABSOLUTE
    dc.s                                     0x00000000   Number         0  dc.o ABSOLUTE
    main.c                                   0x00000000   Number         0  main.o ABSOLUTE
    main.c                                   0x00000000   Number         0  main.o ABSOLUTE
    startup_stm32f10x_md.s                   0x00000000   Number         0  startup_stm32f10x_md.o ABSOLUTE
    RESET                                    0x08000000   Section      236  startup_stm32f10x_md.o(RESET)
    !!!main                                  0x080000ec   Section        8  __main.o(!!!main)
    !!!scatter                               0x080000f4   Section       52  __scatter.o(!!!scatter)
    !!handler_copy                           0x08000128   Section       26  __scatter_copy.o(!!handler_copy)
    !!handler_zi                             0x08000144   Section       28  __scatter_zi.o(!!handler_zi)
    .ARM.Collect$$_printf_percent$$00000000  0x08000160   Section        0  _printf_percent.o(.ARM.Collect$$_printf_percent$$00000000)
    .ARM.Collect$$_printf_percent$$00000009  0x08000160   Section        6  _printf_d.o(.ARM.Collect$$_printf_percent$$00000009)
    .ARM.Collect$$_printf_percent$$00000017  0x08000166   Section        4  _printf_percent_end.o(.ARM.Collect$$_printf_percent$$00000017)
    .ARM.Collect$$libinit$$00000000          0x0800016a   Section        2  libinit.o(.ARM.Collect$$libinit$$00000000)
    .ARM.Collect$$libinit$$00000002          0x0800016c   Section        0  libinit2.o(.ARM.Collect$$libinit$$00000002)
    .ARM.Collect$$libinit$$00000008          0x0800016c   Section        0  libinit2.o(.ARM.Collect$$libinit$$00000008)
    .ARM.Collect$$libinit$$0000000A          0x0800016c   Section        0  libinit2.o(.ARM.Collect$$libinit$$0000000A)
    .ARM.Collect$$libinit$$0000000C          0x0800016c   Section        0  libinit2.o(.ARM.Collect$$libinit$$0000000C)
    .ARM.Collect$$libinit$$0000000F          0x0800016c   Section        0  libinit2.o(.ARM.Collect$$libinit$$0000000F)
    .ARM.Collect$$libinit$$00000011          0x0800016c   Section        0  libinit2.o(.ARM.Collect$$libinit$$00000011)
    .ARM.Collect$$libinit$$00000013          0x0800016c   Section        0  libinit2.o(.ARM.Collect$$libinit$$00000013)
    .ARM.Collect$$libinit$$00000015          0x0800016c   Section        0  libinit2.o(.ARM.Collect$$libinit$$00000015)
    .ARM.Collect$$libinit$$00000017          0x0800016c   Section        0  libinit2.o(.ARM.Collect$$libinit$$00000017)
    .ARM.Collect$$libinit$$00000019          0x0800016c   Section        0  libinit2.o(.ARM.Collect$$libinit$$00000019)
    .ARM.Collect$$libinit$$0000001B          0x0800016c   Section        0  libinit2.o(.ARM.Collect$$libinit$$0000001B)
    .ARM.Collect$$libinit$$0000001D          0x0800016c   Section        0  libinit2.o(.ARM.Collect$$libinit$$0000001D)
    .ARM.Collect$$libinit$$0000001F          0x0800016c   Section        0  libinit2.o(.ARM.Collect$$libinit$$0000001F)
    .ARM.Collect$$libinit$$00000021          0x0800016c   Section        0  libinit2.o(.ARM.Collect$$libinit$$00000021)
    .ARM.Collect$$libinit$$00000023          0x0800016c   Section        0  libinit2.o(.ARM.Collect$$libinit$$00000023)
    .ARM.Collect$$libinit$$0000002A          0x0800016c   Section        0  libinit2.o(.ARM.Collect$$libinit$$0000002A)
    .ARM.Collect$$libinit$$0000002C          0x0800016c   Section        0  libinit2.o(.ARM.Collect$$libinit$$0000002C)
    .ARM.Collect$$libinit$$0000002E          0x0800016c   Section        0  libinit2.o(.ARM.Collect$$libinit$$0000002E)
    .ARM.Collect$$libinit$$00000030          0x0800016c   Section        0  libinit2.o(.ARM.Collect$$libinit$$00000030)
    .ARM.Collect$$libinit$$00000031          0x0800016c   Section        2  libinit2.o(.ARM.Collect$$libinit$$00000031)
    .ARM.Collect$$libshutdown$$00000000      0x0800016e   Section        2  libshutdown.o(.ARM.Collect$$libshutdown$$00000000)
    .ARM.Collect$$libshutdown$$00000003      0x08000170   Section        0  libshutdown2.o(.ARM.Collect$$libshutdown$$00000003)
    .ARM.Collect$$libshutdown$$00000006      0x08000170   Section        0  libshutdown2.o(.ARM.Collect$$libshutdown$$00000006)
    .ARM.Collect$$libshutdown$$00000009      0x08000170   Section        0  libshutdown2.o(.ARM.Collect$$libshutdown$$00000009)
    .ARM.Collect$$libshutdown$$0000000B      0x08000170   Section        0  libshutdown2.o(.ARM.Collect$$libshutdown$$0000000B)
    .ARM.Collect$$libshutdown$$0000000E      0x08000170   Section        0  libshutdown2.o(.ARM.Collect$$libshutdown$$0000000E)
    .ARM.Collect$$libshutdown$$0000000F      0x08000170   Section        2  libshutdown2.o(.ARM.Collect$$libshutdown$$0000000F)
    .ARM.Collect$$rtentry$$00000000          0x08000172   Section        0  rtentry.o(.ARM.Collect$$rtentry$$00000000)
    .ARM.Collect$$rtentry$$00000002          0x08000172   Section        0  rtentry2.o(.ARM.Collect$$rtentry$$00000002)
    .ARM.Collect$$rtentry$$00000004          0x08000172   Section        6  rtentry4.o(.ARM.Collect$$rtentry$$00000004)
    .ARM.Collect$$rtentry$$00000009          0x08000178   Section        0  rtentry2.o(.ARM.Collect$$rtentry$$00000009)
    .ARM.Collect$$rtentry$$0000000A          0x08000178   Section        4  rtentry2.o(.ARM.Collect$$rtentry$$0000000A)
    .ARM.Collect$$rtentry$$0000000C          0x0800017c   Section        0  rtentry2.o(.ARM.Collect$$rtentry$$0000000C)
    .ARM.Collect$$rtentry$$0000000D          0x0800017c   Section        8  rtentry2.o(.ARM.Collect$$rtentry$$0000000D)
    .ARM.Collect$$rtexit$$00000000           0x08000184   Section        2  rtexit.o(.ARM.Collect$$rtexit$$00000000)
    .ARM.Collect$$rtexit$$00000002           0x08000186   Section        0  rtexit2.o(.ARM.Collect$$rtexit$$00000002)
    .ARM.Collect$$rtexit$$00000003           0x08000186   Section        4  rtexit2.o(.ARM.Collect$$rtexit$$00000003)
    .ARM.Collect$$rtexit$$00000004           0x0800018a   Section        6  rtexit2.o(.ARM.Collect$$rtexit$$00000004)
    .emb_text                                0x08000190   Section       12  sys.o(.emb_text)
    .text                                    0x0800019c   Section       56  startup_stm32f10x_md.o(.text)
    .text                                    0x080001d4   Section        0  main.o(.text)
    .text                                    0x08000294   Section        0  sys.o(.text)
    .text                                    0x08000550   Section        0  delay.o(.text)
    .text                                    0x08000600   Section        0  usart.o(.text)
    .text                                    0x08000784   Section        0  led.o(.text)
    .text                                    0x080007cc   Section        0  sbus.o(.text)
    .text                                    0x08000b14   Section        0  catch.o(.text)
    .text                                    0x0800155c   Section        0  can.o(.text)
    .text                                    0x08001bb4   Section        2  use_no_semi_2.o(.text)
    .text                                    0x08001bb8   Section        0  noretval__2printf.o(.text)
    .text                                    0x08001bd0   Section        0  __printf.o(.text)
    .text                                    0x08001c38   Section        0  _printf_dec.o(.text)
    .text                                    0x08001cac   Section        0  heapauxi.o(.text)
    .text                                    0x08001cb2   Section        2  use_no_semi.o(.text)
    .text                                    0x08001cb4   Section        0  _printf_intcommon.o(.text)
    .text                                    0x08001d68   Section        0  _printf_char_file.o(.text)
    .text                                    0x08001d8c   Section        0  _printf_char_common.o(.text)
    _printf_input_char                       0x08001d8d   Thumb Code    10  _printf_char_common.o(.text)
    .text                                    0x08001dbc   Section        0  ferror.o(.text)
    .text                                    0x08001dc4   Section       74  sys_stackheap_outer.o(.text)
    .text                                    0x08001e0e   Section        0  exit.o(.text)
    .text                                    0x08001e1c   Section        8  libspace.o(.text)
    x$fpl$fadd                               0x08001e24   Section      196  faddsub_clz.o(x$fpl$fadd)
    _fadd1                                   0x08001e33   Thumb Code     0  faddsub_clz.o(x$fpl$fadd)
    x$fpl$fdiv                               0x08001ee8   Section      388  fdiv.o(x$fpl$fdiv)
    _fdiv1                                   0x08001ee9   Thumb Code     0  fdiv.o(x$fpl$fdiv)
    x$fpl$ffixu                              0x0800206c   Section       62  ffixu.o(x$fpl$ffixu)
    x$fpl$ffltu                              0x080020ac   Section       38  fflt_clz.o(x$fpl$ffltu)
    x$fpl$fmul                               0x080020d4   Section      258  fmul.o(x$fpl$fmul)
    x$fpl$fnaninf                            0x080021d6   Section      140  fnaninf.o(x$fpl$fnaninf)
    x$fpl$fretinf                            0x08002262   Section       10  fretinf.o(x$fpl$fretinf)
    x$fpl$frsb                               0x0800226c   Section       20  faddsub_clz.o(x$fpl$frsb)
    x$fpl$fsub                               0x08002280   Section      234  faddsub_clz.o(x$fpl$fsub)
    _fsub1                                   0x0800228f   Thumb Code     0  faddsub_clz.o(x$fpl$fsub)
    x$fpl$usenofp                            0x0800236a   Section        0  usenofp.o(x$fpl$usenofp)
    .data                                    0x20000000   Section        4  delay.o(.data)
    fac_us                                   0x20000000   Data           1  delay.o(.data)
    fac_ms                                   0x20000002   Data           2  delay.o(.data)
    .data                                    0x20000004   Section        6  usart.o(.data)
    .data                                    0x2000000a   Section       76  sbus.o(.data)
    .data                                    0x20000056   Section       32  catch.o(.data)
    .bss                                     0x20000078   Section      200  usart.o(.bss)
    .bss                                     0x20000140   Section      118  sbus.o(.bss)
    .bss                                     0x200001b6   Section       48  catch.o(.bss)
    .bss                                     0x200001e8   Section       96  libspace.o(.bss)
    HEAP                                     0x20000248   Section      512  startup_stm32f10x_md.o(HEAP)
    Heap_Mem                                 0x20000248   Data         512  startup_stm32f10x_md.o(HEAP)
    STACK                                    0x20000448   Section     1024  startup_stm32f10x_md.o(STACK)
    Stack_Mem                                0x20000448   Data        1024  startup_stm32f10x_md.o(STACK)
    __initial_sp                             0x20000848   Data           0  startup_stm32f10x_md.o(STACK)

    Global Symbols

    Symbol Name                              Value     Ov Type        Size  Object(Section)

    BuildAttributes$$THM_ISAv4$P$D$K$B$S$PE$A:L22UL41UL21$X:L11$S22US41US21$IEEE1$IW$USESV6$~STKCKD$USESV7$~SHL$OSPACE$ROPI$EBA8$UX$STANDARDLIB$REQ8$PRES8$EABIv2 0x00000000   Number         0  anon$$obj.o ABSOLUTE
    __ARM_use_no_argv                        0x00000000   Number         0  main.o ABSOLUTE
    __ARM_exceptions_init                     - Undefined Weak Reference
    __alloca_initialize                       - Undefined Weak Reference
    __cpp_initialize__aeabi_                  - Undefined Weak Reference
    __cxa_finalize                            - Undefined Weak Reference
    __rt_locale                               - Undefined Weak Reference
    __sigvec_lookup                           - Undefined Weak Reference
    _atexit_init                              - Undefined Weak Reference
    _call_atexit_fns                          - Undefined Weak Reference
    _clock_init                               - Undefined Weak Reference
    _fp_trap_init                             - Undefined Weak Reference
    _fp_trap_shutdown                         - Undefined Weak Reference
    _get_lc_collate                           - Undefined Weak Reference
    _get_lc_ctype                             - Undefined Weak Reference
    _get_lc_monetary                          - Undefined Weak Reference
    _get_lc_numeric                           - Undefined Weak Reference
    _get_lc_time                              - Undefined Weak Reference
    _getenv_init                              - Undefined Weak Reference
    _handle_redirection                       - Undefined Weak Reference
    _init_alloc                               - Undefined Weak Reference
    _init_user_alloc                          - Undefined Weak Reference
    _initio                                   - Undefined Weak Reference
    _mutex_acquire                            - Undefined Weak Reference
    _mutex_release                            - Undefined Weak Reference
    _printf_post_padding                      - Undefined Weak Reference
    _printf_pre_padding                       - Undefined Weak Reference
    _printf_truncate_signed                   - Undefined Weak Reference
    _printf_truncate_unsigned                 - Undefined Weak Reference
    _rand_init                                - Undefined Weak Reference
    _signal_finish                            - Undefined Weak Reference
    _signal_init                              - Undefined Weak Reference
    _terminate_alloc                          - Undefined Weak Reference
    _terminate_user_alloc                     - Undefined Weak Reference
    _terminateio                              - Undefined Weak Reference
    __Vectors_Size                           0x000000ec   Number         0  startup_stm32f10x_md.o ABSOLUTE
    __Vectors                                0x08000000   Data           4  startup_stm32f10x_md.o(RESET)
    __Vectors_End                            0x080000ec   Data           0  startup_stm32f10x_md.o(RESET)
    __main                                   0x080000ed   Thumb Code     8  __main.o(!!!main)
    __scatterload                            0x080000f5   Thumb Code     0  __scatter.o(!!!scatter)
    __scatterload_rt2                        0x080000f5   Thumb Code    44  __scatter.o(!!!scatter)
    __scatterload_rt2_thumb_only             0x080000f5   Thumb Code     0  __scatter.o(!!!scatter)
    __scatterload_null                       0x08000103   Thumb Code     0  __scatter.o(!!!scatter)
    __scatterload_copy                       0x08000129   Thumb Code    26  __scatter_copy.o(!!handler_copy)
    __scatterload_zeroinit                   0x08000145   Thumb Code    28  __scatter_zi.o(!!handler_zi)
    _printf_d                                0x08000161   Thumb Code     0  _printf_d.o(.ARM.Collect$$_printf_percent$$00000009)
    _printf_percent                          0x08000161   Thumb Code     0  _printf_percent.o(.ARM.Collect$$_printf_percent$$00000000)
    _printf_percent_end                      0x08000167   Thumb Code     0  _printf_percent_end.o(.ARM.Collect$$_printf_percent$$00000017)
    __rt_lib_init                            0x0800016b   Thumb Code     0  libinit.o(.ARM.Collect$$libinit$$00000000)
    __rt_lib_init_alloca_1                   0x0800016d   Thumb Code     0  libinit2.o(.ARM.Collect$$libinit$$0000002C)
    __rt_lib_init_argv_1                     0x0800016d   Thumb Code     0  libinit2.o(.ARM.Collect$$libinit$$0000002A)
    __rt_lib_init_atexit_1                   0x0800016d   Thumb Code     0  libinit2.o(.ARM.Collect$$libinit$$00000019)
    __rt_lib_init_clock_1                    0x0800016d   Thumb Code     0  libinit2.o(.ARM.Collect$$libinit$$0000001F)
    __rt_lib_init_cpp_1                      0x0800016d   Thumb Code     0  libinit2.o(.ARM.Collect$$libinit$$00000030)
    __rt_lib_init_exceptions_1               0x0800016d   Thumb Code     0  libinit2.o(.ARM.Collect$$libinit$$0000002E)
    __rt_lib_init_fp_1                       0x0800016d   Thumb Code     0  libinit2.o(.ARM.Collect$$libinit$$00000002)
    __rt_lib_init_fp_trap_1                  0x0800016d   Thumb Code     0  libinit2.o(.ARM.Collect$$libinit$$0000001D)
    __rt_lib_init_getenv_1                   0x0800016d   Thumb Code     0  libinit2.o(.ARM.Collect$$libinit$$00000021)
    __rt_lib_init_heap_1                     0x0800016d   Thumb Code     0  libinit2.o(.ARM.Collect$$libinit$$00000008)
    __rt_lib_init_lc_collate_1               0x0800016d   Thumb Code     0  libinit2.o(.ARM.Collect$$libinit$$0000000F)
    __rt_lib_init_lc_ctype_1                 0x0800016d   Thumb Code     0  libinit2.o(.ARM.Collect$$libinit$$00000011)
    __rt_lib_init_lc_monetary_1              0x0800016d   Thumb Code     0  libinit2.o(.ARM.Collect$$libinit$$00000013)
    __rt_lib_init_lc_numeric_1               0x0800016d   Thumb Code     0  libinit2.o(.ARM.Collect$$libinit$$00000015)
    __rt_lib_init_lc_time_1                  0x0800016d   Thumb Code     0  libinit2.o(.ARM.Collect$$libinit$$00000017)
    __rt_lib_init_rand_1                     0x0800016d   Thumb Code     0  libinit2.o(.ARM.Collect$$libinit$$0000000C)
    __rt_lib_init_return                     0x0800016d   Thumb Code     0  libinit2.o(.ARM.Collect$$libinit$$00000031)
    __rt_lib_init_signal_1                   0x0800016d   Thumb Code     0  libinit2.o(.ARM.Collect$$libinit$$0000001B)
    __rt_lib_init_stdio_1                    0x0800016d   Thumb Code     0  libinit2.o(.ARM.Collect$$libinit$$00000023)
    __rt_lib_init_user_alloc_1               0x0800016d   Thumb Code     0  libinit2.o(.ARM.Collect$$libinit$$0000000A)
    __rt_lib_shutdown                        0x0800016f   Thumb Code     0  libshutdown.o(.ARM.Collect$$libshutdown$$00000000)
    __rt_lib_shutdown_fp_trap_1              0x08000171   Thumb Code     0  libshutdown2.o(.ARM.Collect$$libshutdown$$00000006)
    __rt_lib_shutdown_heap_1                 0x08000171   Thumb Code     0  libshutdown2.o(.ARM.Collect$$libshutdown$$0000000E)
    __rt_lib_shutdown_return                 0x08000171   Thumb Code     0  libshutdown2.o(.ARM.Collect$$libshutdown$$0000000F)
    __rt_lib_shutdown_signal_1               0x08000171   Thumb Code     0  libshutdown2.o(.ARM.Collect$$libshutdown$$00000009)
    __rt_lib_shutdown_stdio_1                0x08000171   Thumb Code     0  libshutdown2.o(.ARM.Collect$$libshutdown$$00000003)
    __rt_lib_shutdown_user_alloc_1           0x08000171   Thumb Code     0  libshutdown2.o(.ARM.Collect$$libshutdown$$0000000B)
    __rt_entry                               0x08000173   Thumb Code     0  rtentry.o(.ARM.Collect$$rtentry$$00000000)
    __rt_entry_presh_1                       0x08000173   Thumb Code     0  rtentry2.o(.ARM.Collect$$rtentry$$00000002)
    __rt_entry_sh                            0x08000173   Thumb Code     0  rtentry4.o(.ARM.Collect$$rtentry$$00000004)
    __rt_entry_li                            0x08000179   Thumb Code     0  rtentry2.o(.ARM.Collect$$rtentry$$0000000A)
    __rt_entry_postsh_1                      0x08000179   Thumb Code     0  rtentry2.o(.ARM.Collect$$rtentry$$00000009)
    __rt_entry_main                          0x0800017d   Thumb Code     0  rtentry2.o(.ARM.Collect$$rtentry$$0000000D)
    __rt_entry_postli_1                      0x0800017d   Thumb Code     0  rtentry2.o(.ARM.Collect$$rtentry$$0000000C)
    __rt_exit                                0x08000185   Thumb Code     0  rtexit.o(.ARM.Collect$$rtexit$$00000000)
    __rt_exit_ls                             0x08000187   Thumb Code     0  rtexit2.o(.ARM.Collect$$rtexit$$00000003)
    __rt_exit_prels_1                        0x08000187   Thumb Code     0  rtexit2.o(.ARM.Collect$$rtexit$$00000002)
    __rt_exit_exit                           0x0800018b   Thumb Code     0  rtexit2.o(.ARM.Collect$$rtexit$$00000004)
    WFI_SET                                  0x08000191   Thumb Code     2  sys.o(.emb_text)
    INTX_DISABLE                             0x08000193   Thumb Code     2  sys.o(.emb_text)
    INTX_ENABLE                              0x08000195   Thumb Code     2  sys.o(.emb_text)
    MSR_MSP                                  0x08000197   Thumb Code     6  sys.o(.emb_text)
    Reset_Handler                            0x0800019d   Thumb Code     4  startup_stm32f10x_md.o(.text)
    NMI_Handler                              0x080001a1   Thumb Code     2  startup_stm32f10x_md.o(.text)
    HardFault_Handler                        0x080001a3   Thumb Code     2  startup_stm32f10x_md.o(.text)
    MemManage_Handler                        0x080001a5   Thumb Code     2  startup_stm32f10x_md.o(.text)
    BusFault_Handler                         0x080001a7   Thumb Code     2  startup_stm32f10x_md.o(.text)
    UsageFault_Handler                       0x080001a9   Thumb Code     2  startup_stm32f10x_md.o(.text)
    SVC_Handler                              0x080001ab   Thumb Code     2  startup_stm32f10x_md.o(.text)
    DebugMon_Handler                         0x080001ad   Thumb Code     2  startup_stm32f10x_md.o(.text)
    PendSV_Handler                           0x080001af   Thumb Code     2  startup_stm32f10x_md.o(.text)
    SysTick_Handler                          0x080001b1   Thumb Code     2  startup_stm32f10x_md.o(.text)
    ADC1_2_IRQHandler                        0x080001b3   Thumb Code     0  startup_stm32f10x_md.o(.text)
    CAN1_RX1_IRQHandler                      0x080001b3   Thumb Code     0  startup_stm32f10x_md.o(.text)
    CAN1_SCE_IRQHandler                      0x080001b3   Thumb Code     0  startup_stm32f10x_md.o(.text)
    DMA1_Channel1_IRQHandler                 0x080001b3   Thumb Code     0  startup_stm32f10x_md.o(.text)
    DMA1_Channel2_IRQHandler                 0x080001b3   Thumb Code     0  startup_stm32f10x_md.o(.text)
    DMA1_Channel3_IRQHandler                 0x080001b3   Thumb Code     0  startup_stm32f10x_md.o(.text)
    DMA1_Channel4_IRQHandler                 0x080001b3   Thumb Code     0  startup_stm32f10x_md.o(.text)
    DMA1_Channel5_IRQHandler                 0x080001b3   Thumb Code     0  startup_stm32f10x_md.o(.text)
    DMA1_Channel6_IRQHandler                 0x080001b3   Thumb Code     0  startup_stm32f10x_md.o(.text)
    DMA1_Channel7_IRQHandler                 0x080001b3   Thumb Code     0  startup_stm32f10x_md.o(.text)
    EXTI0_IRQHandler                         0x080001b3   Thumb Code     0  startup_stm32f10x_md.o(.text)
    EXTI15_10_IRQHandler                     0x080001b3   Thumb Code     0  startup_stm32f10x_md.o(.text)
    EXTI1_IRQHandler                         0x080001b3   Thumb Code     0  startup_stm32f10x_md.o(.text)
    EXTI2_IRQHandler                         0x080001b3   Thumb Code     0  startup_stm32f10x_md.o(.text)
    EXTI3_IRQHandler                         0x080001b3   Thumb Code     0  startup_stm32f10x_md.o(.text)
    EXTI4_IRQHandler                         0x080001b3   Thumb Code     0  startup_stm32f10x_md.o(.text)
    EXTI9_5_IRQHandler                       0x080001b3   Thumb Code     0  startup_stm32f10x_md.o(.text)
    FLASH_IRQHandler                         0x080001b3   Thumb Code     0  startup_stm32f10x_md.o(.text)
    I2C1_ER_IRQHandler                       0x080001b3   Thumb Code     0  startup_stm32f10x_md.o(.text)
    I2C1_EV_IRQHandler                       0x080001b3   Thumb Code     0  startup_stm32f10x_md.o(.text)
    I2C2_ER_IRQHandler                       0x080001b3   Thumb Code     0  startup_stm32f10x_md.o(.text)
    I2C2_EV_IRQHandler                       0x080001b3   Thumb Code     0  startup_stm32f10x_md.o(.text)
    PVD_IRQHandler                           0x080001b3   Thumb Code     0  startup_stm32f10x_md.o(.text)
    RCC_IRQHandler                           0x080001b3   Thumb Code     0  startup_stm32f10x_md.o(.text)
    RTCAlarm_IRQHandler                      0x080001b3   Thumb Code     0  startup_stm32f10x_md.o(.text)
    RTC_IRQHandler                           0x080001b3   Thumb Code     0  startup_stm32f10x_md.o(.text)
    SPI1_IRQHandler                          0x080001b3   Thumb Code     0  startup_stm32f10x_md.o(.text)
    SPI2_IRQHandler                          0x080001b3   Thumb Code     0  startup_stm32f10x_md.o(.text)
    TAMPER_IRQHandler                        0x080001b3   Thumb Code     0  startup_stm32f10x_md.o(.text)
    TIM1_BRK_IRQHandler                      0x080001b3   Thumb Code     0  startup_stm32f10x_md.o(.text)
    TIM1_CC_IRQHandler                       0x080001b3   Thumb Code     0  startup_stm32f10x_md.o(.text)
    TIM1_TRG_COM_IRQHandler                  0x080001b3   Thumb Code     0  startup_stm32f10x_md.o(.text)
    TIM1_UP_IRQHandler                       0x080001b3   Thumb Code     0  startup_stm32f10x_md.o(.text)
    USART1_IRQHandler                        0x080001b3   Thumb Code     0  startup_stm32f10x_md.o(.text)
    USART3_IRQHandler                        0x080001b3   Thumb Code     0  startup_stm32f10x_md.o(.text)
    USBWakeUp_IRQHandler                     0x080001b3   Thumb Code     0  startup_stm32f10x_md.o(.text)
    USB_HP_CAN1_TX_IRQHandler                0x080001b3   Thumb Code     0  startup_stm32f10x_md.o(.text)
    WWDG_IRQHandler                          0x080001b3   Thumb Code     0  startup_stm32f10x_md.o(.text)
    __user_initial_stackheap                 0x080001b5   Thumb Code     0  startup_stm32f10x_md.o(.text)
    main                                     0x080001d5   Thumb Code   146  main.o(.text)
    MY_NVIC_SetVectorTable                   0x08000295   Thumb Code    12  sys.o(.text)
    MY_NVIC_PriorityGroupConfig              0x080002a1   Thumb Code    36  sys.o(.text)
    MY_NVIC_Init                             0x080002c5   Thumb Code   116  sys.o(.text)
    Ex_NVIC_Config                           0x08000339   Thumb Code   146  sys.o(.text)
    MYRCC_DeInit                             0x080003cb   Thumb Code    90  sys.o(.text)
    Sys_Standby                              0x08000425   Thumb Code    68  sys.o(.text)
    Sys_Soft_Reset                           0x08000469   Thumb Code    12  sys.o(.text)
    JTAG_Set                                 0x08000475   Thumb Code    42  sys.o(.text)
    Stm32_Clock_Init                         0x0800049f   Thumb Code   134  sys.o(.text)
    delay_init                               0x08000551   Thumb Code    56  delay.o(.text)
    delay_us                                 0x08000589   Thumb Code    56  delay.o(.text)
    delay_ms                                 0x080005c1   Thumb Code    56  delay.o(.text)
    _sys_exit                                0x08000601   Thumb Code     6  usart.o(.text)
    fputc                                    0x08000607   Thumb Code    24  usart.o(.text)
    USART2_IRQHandler                        0x0800061f   Thumb Code   118  usart.o(.text)
    uart_init                                0x08000695   Thumb Code   214  usart.o(.text)
    Led_Init                                 0x08000785   Thumb Code    62  led.o(.text)
    SBUS_Usart_Init                          0x080007cd   Thumb Code   194  sbus.o(.text)
    SBUS_Time_Init                           0x0800088f   Thumb Code    48  sbus.o(.text)
    SBUS_Send_Start                          0x080008bf   Thumb Code    18  sbus.o(.text)
    SBUS_Send_End                            0x080008d1   Thumb Code    14  sbus.o(.text)
    SBUS_SendOne                             0x080008df   Thumb Code    24  sbus.o(.text)
    SBUS_Send_Data                           0x080008f7   Thumb Code   132  sbus.o(.text)
    TIM2_IRQHandler                          0x0800097b   Thumb Code    96  sbus.o(.text)
    SBUS_Convert                             0x080009db   Thumb Code   248  sbus.o(.text)
    Catch_Init                               0x08000b15   Thumb Code   564  catch.o(.text)
    TIM3_IRQHandler                          0x08000d49   Thumb Code   706  catch.o(.text)
    TIM4_IRQHandler                          0x0800100b   Thumb Code   648  catch.o(.text)
    Catch_Cal                                0x08001293   Thumb Code   662  catch.o(.text)
    CAN1_Init                                0x0800155d   Thumb Code   446  can.o(.text)
    Can_Tx_Msg                               0x0800171b   Thumb Code   296  can.o(.text)
    Can_Tx_Staus                             0x08001843   Thumb Code   144  can.o(.text)
    Can_Msg_Pend                             0x080018d3   Thumb Code    36  can.o(.text)
    Can_Rx_Msg                               0x080018f7   Thumb Code   246  can.o(.text)
    USB_LP_CAN1_RX0_IRQHandler               0x080019ed   Thumb Code   146  can.o(.text)
    Can_Send_Msg                             0x08001a7f   Thumb Code    64  can.o(.text)
    Can_Receive_Msg                          0x08001abf   Thumb Code    66  can.o(.text)
    __use_no_semihosting                     0x08001bb5   Thumb Code     2  use_no_semi_2.o(.text)
    __2printf                                0x08001bb9   Thumb Code    20  noretval__2printf.o(.text)
    __printf                                 0x08001bd1   Thumb Code   104  __printf.o(.text)
    _printf_int_dec                          0x08001c39   Thumb Code   100  _printf_dec.o(.text)
    __use_two_region_memory                  0x08001cad   Thumb Code     2  heapauxi.o(.text)
    __rt_heap_escrow$2region                 0x08001caf   Thumb Code     2  heapauxi.o(.text)
    __rt_heap_expand$2region                 0x08001cb1   Thumb Code     2  heapauxi.o(.text)
    __I$use$semihosting                      0x08001cb3   Thumb Code     0  use_no_semi.o(.text)
    __use_no_semihosting_swi                 0x08001cb3   Thumb Code     2  use_no_semi.o(.text)
    _printf_int_common                       0x08001cb5   Thumb Code   178  _printf_intcommon.o(.text)
    _printf_char_file                        0x08001d69   Thumb Code    32  _printf_char_file.o(.text)
    _printf_char_common                      0x08001d97   Thumb Code    32  _printf_char_common.o(.text)
    ferror                                   0x08001dbd   Thumb Code     8  ferror.o(.text)
    __user_setup_stackheap                   0x08001dc5   Thumb Code    74  sys_stackheap_outer.o(.text)
    exit                                     0x08001e0f   Thumb Code    12  exit.o(.text)
    __user_libspace                          0x08001e1d   Thumb Code     8  libspace.o(.text)
    __user_perproc_libspace                  0x08001e1d   Thumb Code     0  libspace.o(.text)
    __user_perthread_libspace                0x08001e1d   Thumb Code     0  libspace.o(.text)
    __aeabi_fadd                             0x08001e25   Thumb Code     0  faddsub_clz.o(x$fpl$fadd)
    _fadd                                    0x08001e25   Thumb Code   196  faddsub_clz.o(x$fpl$fadd)
    __aeabi_fdiv                             0x08001ee9   Thumb Code     0  fdiv.o(x$fpl$fdiv)
    _fdiv                                    0x08001ee9   Thumb Code   384  fdiv.o(x$fpl$fdiv)
    __aeabi_f2uiz                            0x0800206d   Thumb Code     0  ffixu.o(x$fpl$ffixu)
    _ffixu                                   0x0800206d   Thumb Code    62  ffixu.o(x$fpl$ffixu)
    __aeabi_ui2f                             0x080020ad   Thumb Code     0  fflt_clz.o(x$fpl$ffltu)
    _ffltu                                   0x080020ad   Thumb Code    38  fflt_clz.o(x$fpl$ffltu)
    __aeabi_fmul                             0x080020d5   Thumb Code     0  fmul.o(x$fpl$fmul)
    _fmul                                    0x080020d5   Thumb Code   258  fmul.o(x$fpl$fmul)
    __fpl_fnaninf                            0x080021d7   Thumb Code   140  fnaninf.o(x$fpl$fnaninf)
    __fpl_fretinf                            0x08002263   Thumb Code    10  fretinf.o(x$fpl$fretinf)
    __aeabi_frsub                            0x0800226d   Thumb Code     0  faddsub_clz.o(x$fpl$frsb)
    _frsb                                    0x0800226d   Thumb Code    20  faddsub_clz.o(x$fpl$frsb)
    __aeabi_fsub                             0x08002281   Thumb Code     0  faddsub_clz.o(x$fpl$fsub)
    _fsub                                    0x08002281   Thumb Code   234  faddsub_clz.o(x$fpl$fsub)
    __I$use$fp                               0x0800236a   Number         0  usenofp.o(x$fpl$usenofp)
    Region$$Table$$Base                      0x0800236c   Number         0  anon$$obj.o(Region$$Table)
    Region$$Table$$Limit                     0x0800238c   Number         0  anon$$obj.o(Region$$Table)
    __stdout                                 0x20000004   Data           4  usart.o(.data)
    USART_RX_STA                             0x20000008   Data           2  usart.o(.data)
    data1                                    0x2000000a   Data          32  sbus.o(.data)
    data2                                    0x2000002a   Data          32  sbus.o(.data)
    flag_14ms                                0x2000004a   Data           1  sbus.o(.data)
    flag_6ms                                 0x2000004b   Data           1  sbus.o(.data)
    SBUS_Flag                                0x2000004c   Data           1  sbus.o(.data)
    flagbit                                  0x2000004d   Data           1  sbus.o(.data)
    res                                      0x2000004e   Data           2  sbus.o(.data)
    failsafe_status                          0x20000050   Data           1  sbus.o(.data)
    byte_in_sbus                             0x20000051   Data           1  sbus.o(.data)
    bit_in_sbus                              0x20000052   Data           1  sbus.o(.data)
    ch                                       0x20000053   Data           1  sbus.o(.data)
    bit_in_channel                           0x20000054   Data           1  sbus.o(.data)
    SBUS_IN_OK                               0x20000055   Data           1  sbus.o(.data)
    TIM3CH1_CAPTURE_STA                      0x20000056   Data           1  catch.o(.data)
    TIM3CH1_CAPTURE_VAL                      0x20000058   Data           2  catch.o(.data)
    TIM3CH2_CAPTURE_STA                      0x2000005a   Data           1  catch.o(.data)
    TIM3CH2_CAPTURE_VAL                      0x2000005c   Data           2  catch.o(.data)
    TIM3CH3_CAPTURE_STA                      0x2000005e   Data           1  catch.o(.data)
    TIM3CH3_CAPTURE_VAL                      0x20000060   Data           2  catch.o(.data)
    TIM3CH4_CAPTURE_STA                      0x20000062   Data           1  catch.o(.data)
    TIM3CH4_CAPTURE_VAL                      0x20000064   Data           2  catch.o(.data)
    TIM4CH1_CAPTURE_STA                      0x20000066   Data           1  catch.o(.data)
    TIM4CH1_CAPTURE_VAL                      0x20000068   Data           2  catch.o(.data)
    TIM4CH2_CAPTURE_STA                      0x2000006a   Data           1  catch.o(.data)
    TIM4CH2_CAPTURE_VAL                      0x2000006c   Data           2  catch.o(.data)
    TIM4CH3_CAPTURE_STA                      0x2000006e   Data           1  catch.o(.data)
    TIM4CH3_CAPTURE_VAL                      0x20000070   Data           2  catch.o(.data)
    TIM4CH4_CAPTURE_STA                      0x20000072   Data           1  catch.o(.data)
    TIM4CH4_CAPTURE_VAL                      0x20000074   Data           2  catch.o(.data)
    USART_RX_BUF                             0x20000078   Data         200  usart.o(.bss)
    SBUS_Data                                0x20000140   Data          22  sbus.o(.bss)
    R_data                                   0x20000156   Data          25  sbus.o(.bss)
    channel_sbus                             0x20000170   Data          40  sbus.o(.bss)
    sbus_data                                0x20000198   Data          30  sbus.o(.bss)
    CH                                       0x200001b6   Data          24  catch.o(.bss)
    CH_L                                     0x200001ce   Data          24  catch.o(.bss)
    __libspace_start                         0x200001e8   Data          96  libspace.o(.bss)
    __temporary_stack_top$libspace           0x20000248   Data           0  libspace.o(.bss)



==============================================================================

Memory Map of the image

  Image Entry point : 0x0800019d

  Load Region LR_1 (Base: 0x08000000, Size: 0x00002404, Max: 0xffffffff, ABSOLUTE)

    Execution Region ER_RO (Base: 0x08000000, Size: 0x0000238c, Max: 0xffffffff, ABSOLUTE)

    Base Addr    Size         Type   Attr      Idx    E Section Name        Object

    0x08000000   0x000000ec   Data   RO            3    RESET               startup_stm32f10x_md.o
    0x080000ec   0x00000008   Code   RO          282  * !!!main             c_w.l(__main.o)
    0x080000f4   0x00000034   Code   RO          474    !!!scatter          c_w.l(__scatter.o)
    0x08000128   0x0000001a   Code   RO          476    !!handler_copy      c_w.l(__scatter_copy.o)
    0x08000142   0x00000002   PAD
    0x08000144   0x0000001c   Code   RO          478    !!handler_zi        c_w.l(__scatter_zi.o)
    0x08000160   0x00000000   Code   RO          279    .ARM.Collect$$_printf_percent$$00000000  c_w.l(_printf_percent.o)
    0x08000160   0x00000006   Code   RO          278    .ARM.Collect$$_printf_percent$$00000009  c_w.l(_printf_d.o)
    0x08000166   0x00000004   Code   RO          313    .ARM.Collect$$_printf_percent$$00000017  c_w.l(_printf_percent_end.o)
    0x0800016a   0x00000002   Code   RO          351    .ARM.Collect$$libinit$$00000000  c_w.l(libinit.o)
    0x0800016c   0x00000000   Code   RO          358    .ARM.Collect$$libinit$$00000002  c_w.l(libinit2.o)
    0x0800016c   0x00000000   Code   RO          361    .ARM.Collect$$libinit$$00000008  c_w.l(libinit2.o)
    0x0800016c   0x00000000   Code   RO          363    .ARM.Collect$$libinit$$0000000A  c_w.l(libinit2.o)
    0x0800016c   0x00000000   Code   RO          365    .ARM.Collect$$libinit$$0000000C  c_w.l(libinit2.o)
    0x0800016c   0x00000000   Code   RO          368    .ARM.Collect$$libinit$$0000000F  c_w.l(libinit2.o)
    0x0800016c   0x00000000   Code   RO          370    .ARM.Collect$$libinit$$00000011  c_w.l(libinit2.o)
    0x0800016c   0x00000000   Code   RO          372    .ARM.Collect$$libinit$$00000013  c_w.l(libinit2.o)
    0x0800016c   0x00000000   Code   RO          374    .ARM.Collect$$libinit$$00000015  c_w.l(libinit2.o)
    0x0800016c   0x00000000   Code   RO          376    .ARM.Collect$$libinit$$00000017  c_w.l(libinit2.o)
    0x0800016c   0x00000000   Code   RO          378    .ARM.Collect$$libinit$$00000019  c_w.l(libinit2.o)
    0x0800016c   0x00000000   Code   RO          380    .ARM.Collect$$libinit$$0000001B  c_w.l(libinit2.o)
    0x0800016c   0x00000000   Code   RO          382    .ARM.Collect$$libinit$$0000001D  c_w.l(libinit2.o)
    0x0800016c   0x00000000   Code   RO          384    .ARM.Collect$$libinit$$0000001F  c_w.l(libinit2.o)
    0x0800016c   0x00000000   Code   RO          386    .ARM.Collect$$libinit$$00000021  c_w.l(libinit2.o)
    0x0800016c   0x00000000   Code   RO          388    .ARM.Collect$$libinit$$00000023  c_w.l(libinit2.o)
    0x0800016c   0x00000000   Code   RO          392    .ARM.Collect$$libinit$$0000002A  c_w.l(libinit2.o)
    0x0800016c   0x00000000   Code   RO          394    .ARM.Collect$$libinit$$0000002C  c_w.l(libinit2.o)
    0x0800016c   0x00000000   Code   RO          396    .ARM.Collect$$libinit$$0000002E  c_w.l(libinit2.o)
    0x0800016c   0x00000000   Code   RO          398    .ARM.Collect$$libinit$$00000030  c_w.l(libinit2.o)
    0x0800016c   0x00000002   Code   RO          399    .ARM.Collect$$libinit$$00000031  c_w.l(libinit2.o)
    0x0800016e   0x00000002   Code   RO          417    .ARM.Collect$$libshutdown$$00000000  c_w.l(libshutdown.o)
    0x08000170   0x00000000   Code   RO          428    .ARM.Collect$$libshutdown$$00000003  c_w.l(libshutdown2.o)
    0x08000170   0x00000000   Code   RO          431    .ARM.Collect$$libshutdown$$00000006  c_w.l(libshutdown2.o)
    0x08000170   0x00000000   Code   RO          434    .ARM.Collect$$libshutdown$$00000009  c_w.l(libshutdown2.o)
    0x08000170   0x00000000   Code   RO          436    .ARM.Collect$$libshutdown$$0000000B  c_w.l(libshutdown2.o)
    0x08000170   0x00000000   Code   RO          439    .ARM.Collect$$libshutdown$$0000000E  c_w.l(libshutdown2.o)
    0x08000170   0x00000002   Code   RO          440    .ARM.Collect$$libshutdown$$0000000F  c_w.l(libshutdown2.o)
    0x08000172   0x00000000   Code   RO          308    .ARM.Collect$$rtentry$$00000000  c_w.l(rtentry.o)
    0x08000172   0x00000000   Code   RO          320    .ARM.Collect$$rtentry$$00000002  c_w.l(rtentry2.o)
    0x08000172   0x00000006   Code   RO          332    .ARM.Collect$$rtentry$$00000004  c_w.l(rtentry4.o)
    0x08000178   0x00000000   Code   RO          322    .ARM.Collect$$rtentry$$00000009  c_w.l(rtentry2.o)
    0x08000178   0x00000004   Code   RO          323    .ARM.Collect$$rtentry$$0000000A  c_w.l(rtentry2.o)
    0x0800017c   0x00000000   Code   RO          325    .ARM.Collect$$rtentry$$0000000C  c_w.l(rtentry2.o)
    0x0800017c   0x00000008   Code   RO          326    .ARM.Collect$$rtentry$$0000000D  c_w.l(rtentry2.o)
    0x08000184   0x00000002   Code   RO          355    .ARM.Collect$$rtexit$$00000000  c_w.l(rtexit.o)
    0x08000186   0x00000000   Code   RO          401    .ARM.Collect$$rtexit$$00000002  c_w.l(rtexit2.o)
    0x08000186   0x00000004   Code   RO          402    .ARM.Collect$$rtexit$$00000003  c_w.l(rtexit2.o)
    0x0800018a   0x00000006   Code   RO          403    .ARM.Collect$$rtexit$$00000004  c_w.l(rtexit2.o)
    0x08000190   0x0000000c   Code   RO           80    .emb_text           sys.o
    0x0800019c   0x00000038   Code   RO            4  * .text               startup_stm32f10x_md.o
    0x080001d4   0x000000c0   Code   RO           12    .text               main.o
    0x08000294   0x000002bc   Code   RO           81    .text               sys.o
    0x08000550   0x000000b0   Code   RO          104    .text               delay.o
    0x08000600   0x00000184   Code   RO          126    .text               usart.o
    0x08000784   0x00000048   Code   RO          157    .text               led.o
    0x080007cc   0x00000348   Code   RO          177    .text               sbus.o
    0x08000b14   0x00000a48   Code   RO          201    .text               catch.o
    0x0800155c   0x00000658   Code   RO          228    .text               can.o
    0x08001bb4   0x00000002   Code   RO          248    .text               c_w.l(use_no_semi_2.o)
    0x08001bb6   0x00000002   PAD
    0x08001bb8   0x00000018   Code   RO          252    .text               c_w.l(noretval__2printf.o)
    0x08001bd0   0x00000068   Code   RO          254    .text               c_w.l(__printf.o)
    0x08001c38   0x00000074   Code   RO          256    .text               c_w.l(_printf_dec.o)
    0x08001cac   0x00000006   Code   RO          280    .text               c_w.l(heapauxi.o)
    0x08001cb2   0x00000002   Code   RO          306    .text               c_w.l(use_no_semi.o)
    0x08001cb4   0x000000b2   Code   RO          309    .text               c_w.l(_printf_intcommon.o)
    0x08001d66   0x00000002   PAD
    0x08001d68   0x00000024   Code   RO          311    .text               c_w.l(_printf_char_file.o)
    0x08001d8c   0x00000030   Code   RO          334    .text               c_w.l(_printf_char_common.o)
    0x08001dbc   0x00000008   Code   RO          336    .text               c_w.l(ferror.o)
    0x08001dc4   0x0000004a   Code   RO          340    .text               c_w.l(sys_stackheap_outer.o)
    0x08001e0e   0x0000000c   Code   RO          344    .text               c_w.l(exit.o)
    0x08001e1a   0x00000002   PAD
    0x08001e1c   0x00000008   Code   RO          352    .text               c_w.l(libspace.o)
    0x08001e24   0x000000c4   Code   RO          284    x$fpl$fadd          fz_ws.l(faddsub_clz.o)
    0x08001ee8   0x00000184   Code   RO          291    x$fpl$fdiv          fz_ws.l(fdiv.o)
    0x0800206c   0x0000003e   Code   RO          294    x$fpl$ffixu         fz_ws.l(ffixu.o)
    0x080020aa   0x00000002   PAD
    0x080020ac   0x00000026   Code   RO          298    x$fpl$ffltu         fz_ws.l(fflt_clz.o)
    0x080020d2   0x00000002   PAD
    0x080020d4   0x00000102   Code   RO          304    x$fpl$fmul          fz_ws.l(fmul.o)
    0x080021d6   0x0000008c   Code   RO          314    x$fpl$fnaninf       fz_ws.l(fnaninf.o)
    0x08002262   0x0000000a   Code   RO          316    x$fpl$fretinf       fz_ws.l(fretinf.o)
    0x0800226c   0x00000014   Code   RO          285    x$fpl$frsb          fz_ws.l(faddsub_clz.o)
    0x08002280   0x000000ea   Code   RO          286    x$fpl$fsub          fz_ws.l(faddsub_clz.o)
    0x0800236a   0x00000000   Code   RO          318    x$fpl$usenofp       fz_ws.l(usenofp.o)
    0x0800236a   0x00000002   PAD
    0x0800236c   0x00000020   Data   RO          472    Region$$Table       anon$$obj.o


    Execution Region ER_RW (Base: 0x20000000, Size: 0x00000078, Max: 0xffffffff, ABSOLUTE)

    Base Addr    Size         Type   Attr      Idx    E Section Name        Object

    0x20000000   0x00000004   Data   RW          105    .data               delay.o
    0x20000004   0x00000006   Data   RW          128    .data               usart.o
    0x2000000a   0x0000004c   Data   RW          179    .data               sbus.o
    0x20000056   0x00000020   Data   RW          203    .data               catch.o


    Execution Region ER_ZI (Base: 0x20000078, Size: 0x000007d0, Max: 0xffffffff, ABSOLUTE)

    Base Addr    Size         Type   Attr      Idx    E Section Name        Object

    0x20000078   0x000000c8   Zero   RW          127    .bss                usart.o
    0x20000140   0x00000076   Zero   RW          178    .bss                sbus.o
    0x200001b6   0x00000030   Zero   RW          202    .bss                catch.o
    0x200001e6   0x00000002   PAD
    0x200001e8   0x00000060   Zero   RW          353    .bss                c_w.l(libspace.o)
    0x20000248   0x00000200   Zero   RW            2    HEAP                startup_stm32f10x_md.o
    0x20000448   0x00000400   Zero   RW            1    STACK               startup_stm32f10x_md.o


==============================================================================

Image component sizes


      Code (inc. data)   RO Data    RW Data    ZI Data      Debug   Object Name

      1624        196          0          0          0       3592   can.o
      2632        188          0         32         48       3617   catch.o
       176          8          0          4          0       1011   delay.o
        72         10          0          0          0        411   led.o
       192         46          0          0          0     206515   main.o
       840         66          0         76        118       3305   sbus.o
        56         22        236          0       1536        808   startup_stm32f10x_md.o
       712         44          0          0          0       2739   sys.o
       388         26          0          6        200       3106   usart.o

    ----------------------------------------------------------------------
      6692        606        268        120       1904     225104   Object Totals
         0          0         32          0          0          0   (incl. Generated)
         0          0          0          2          2          0   (incl. Padding)

    ----------------------------------------------------------------------

      Code (inc. data)   RO Data    RW Data    ZI Data      Debug   Library Member Name

         8          0          0          0          0         68   __main.o
       104          0          0          0          0         84   __printf.o
        52          8          0          0          0          0   __scatter.o
        26          0          0          0          0          0   __scatter_copy.o
        28          0          0          0          0          0   __scatter_zi.o
        48          6          0          0          0         96   _printf_char_common.o
        36          4          0          0          0         80   _printf_char_file.o
         6          0          0          0          0          0   _printf_d.o
       116         16          0          0          0         92   _printf_dec.o
       178          0          0          0          0         88   _printf_intcommon.o
         0          0          0          0          0          0   _printf_percent.o
         4          0          0          0          0          0   _printf_percent_end.o
        12          0          0          0          0         72   exit.o
         8          0          0          0          0         68   ferror.o
         6          0          0          0          0        152   heapauxi.o
         2          0          0          0          0          0   libinit.o
         2          0          0          0          0          0   libinit2.o
         2          0          0          0          0          0   libshutdown.o
         2          0          0          0          0          0   libshutdown2.o
         8          4          0          0         96         68   libspace.o
        24          4          0          0          0         84   noretval__2printf.o
         0          0          0          0          0          0   rtentry.o
        12          0          0          0          0          0   rtentry2.o
         6          0          0          0          0          0   rtentry4.o
         2          0          0          0          0          0   rtexit.o
        10          0          0          0          0          0   rtexit2.o
        74          0          0          0          0         80   sys_stackheap_outer.o
         2          0          0          0          0         68   use_no_semi.o
         2          0          0          0          0         68   use_no_semi_2.o
       450          8          0          0          0        236   faddsub_clz.o
       388         76          0          0          0         96   fdiv.o
        62          4          0          0          0         84   ffixu.o
        38          0          0          0          0         68   fflt_clz.o
       258          4          0          0          0         84   fmul.o
       140          4          0          0          0         84   fnaninf.o
        10          0          0          0          0         68   fretinf.o
         0          0          0          0          0          0   usenofp.o

    ----------------------------------------------------------------------
      2140        138          0          0         96       1888   Library Totals
        14          0          0          0          0          0   (incl. Padding)

    ----------------------------------------------------------------------

      Code (inc. data)   RO Data    RW Data    ZI Data      Debug   Library Name

       780         42          0          0         96       1168   c_w.l
      1346         96          0          0          0        720   fz_ws.l

    ----------------------------------------------------------------------
      2140        138          0          0         96       1888   Library Totals

    ----------------------------------------------------------------------

==============================================================================


      Code (inc. data)   RO Data    RW Data    ZI Data      Debug   

      8832        744        268        120       2000     225324   Grand Totals
      8832        744        268        120       2000     225324   ELF Image Totals
      8832        744        268        120          0          0   ROM Totals

==============================================================================

    Total RO  Size (Code + RO Data)                 9100 (   8.89kB)
    Total RW  Size (RW Data + ZI Data)              2120 (   2.07kB)
    Total ROM Size (Code + RO Data + RW Data)       9220 (   9.00kB)

==============================================================================

